################################################################################
#
# IAR ELF Linker map file
# IAR Embedded Workbench for ARM 9.30.1
# Target: Cortex-M4
#
################################################################################


*******************************************************************************
*** PLACEMENT SUMMARY
***

"P1":  place in [from 0x0800'0000 to 0x0807'ffff] { ro };
"P2":  place in [from 0x2000'0000 to 0x2001'ffff] { rw, zi };

  Section          Kind        Address     Size  Object
  -------          ----        -------     ----  ------
"P1":                          0x0800'0000

  .text            ro code  0x0800'0000  0x48  main.o [2]
  .text            ro code  0x0800'0048  0x164  stm32f4xx_hal.o [3]
  .rodata          ro data  0x0800'01ac  0x20  main.o [2]

"P2":                          0x2000'0000

  .data            rw data  0x2000'0000  0x28  main.o [2]
  .bss             zero     0x2000'0028  0x400  uart.o [2]


*******************************************************************************
*** ENTRY LIST
***

Entry                      Address   Size  Type   Object
-----                      -------   ----  ----   ------
main                    0x0800'0001  0x48  Code  main.o [2]
HAL_Init                0x0800'0049  0x164  Code  stm32f4xx_hal.o [3]
g_rx_buffer             0x2000'0028  0x400  Data  uart.o [2]
CSTACK$$Base            0x2000'0428        --    <Block>
CSTACK$$Limit           0x2000'1428        --    <Block>


*******************************************************************************
*** MODULE SUMMARY
***

Module                      ro code  ro data  rw data
------                      -------  -------  -------
main.o [2]                     0x48     0x20     0x28
stm32f4xx_hal.o [3]           0x164        -        -
uart.o [2]                       -        -    0x400
------------------------------------------------------------
Total                          0x1ac     0x20    0x428
